// Vitest Snapshot v1, https://vitest.dev/guide/snapshot.html

exports[`persisted state and its version > has not changed shape without the version changing 1`] = `
{
  "actingAssignments": [
    "coveringForId",
    "employeeId",
    "endDate",
    "id",
    "jobTitle",
    "startDate",
  ],
  "alerts": [
    "acknowledged",
    "dueOn",
    "employeeId",
    "id",
    "kind",
    "ref",
    "thresholdDays",
  ],
  "approvals": [
    "chain",
    "currentStepIndex",
    "dueAt",
    "history",
    "id",
    "module",
    "payload",
    "requester",
    "status",
    "subject",
    "submittedAt",
    "summary",
    "type",
  ],
  "assignmentsAbroad": [
    "country",
    "daysAbroad",
    "employeeId",
    "since",
  ],
  "attendance": [
    "clockIn",
    "clockOut",
    "date",
    "employeeId",
    "hours",
    "id",
    "status",
  ],
  "auditLog": [
    "action",
    "actorId",
    "after",
    "at",
    "before",
    "employeeId",
    "field",
    "id",
    "purpose",
  ],
  "branches": [
    "archived",
    "city",
    "id",
    "name",
    "region",
  ],
  "candidates": [
    "appliedOn",
    "avatarTone",
    "email",
    "id",
    "name",
    "phone",
    "rating",
    "requisitionId",
    "source",
    "stage",
  ],
  "cases": [
    "closedOn",
    "employeeId",
    "id",
    "outcome",
    "raisedBy",
    "raisedOn",
    "severity",
    "state",
    "title",
  ],
  "changeRequests": [
    "decision",
    "definition",
    "effectiveFrom",
    "employeeIds",
    "events",
    "id",
    "kind",
    "proposedBy",
    "reason",
    "relocation",
    "status",
  ],
  "clockEvents": [
    "autoClosed",
    "branch",
    "breakMinutes",
    "clockIn",
    "clockOut",
    "date",
    "employeeId",
    "id",
    "source",
  ],
  "coachingNotes": [
    "authorId",
    "body",
    "createdAt",
    "employeeId",
    "escalated",
    "escalatedAt",
    "id",
  ],
  "compensationVersions": [
    "approvedAt",
    "approvedBy",
    "baseAmount",
    "changeRequestId",
    "components",
    "currency",
    "effectiveFrom",
    "employeeId",
    "entityId",
    "frequency",
    "id",
    "payBasis",
    "payGroupId",
    "proposedAt",
    "proposedBy",
    "reason",
    "status",
    "supersedesVersionId",
    "taxResidency",
    "versionNumber",
    "workCountry",
    "workerType",
  ],
  "countryRulePacks": [
    "componentTreatments",
    "country",
    "effectiveFrom",
    "employeeContributionRules",
    "employerContributionRules",
    "filingDeadlines",
    "statutoryReports",
    "taxBands",
    "updates",
    "version",
    "voluntarySchemes",
  ],
  "departments": [
    "archived",
    "branchId",
    "headId",
    "id",
    "name",
    "parentId",
  ],
  "documents": [
    "category",
    "confidential",
    "employeeId",
    "expiresOn",
    "id",
    "name",
    "sizeKb",
    "status",
    "uploadedAt",
    "uploadedBy",
  ],
  "employees": [
    "avatarTone",
    "branch",
    "compensation",
    "contractEndDate",
    "contractType",
    "dateOfBirth",
    "department",
    "dottedLineManagerId",
    "email",
    "emergencyContact",
    "employeeId",
    "employmentType",
    "firstName",
    "gender",
    "ghanaCard",
    "gpsAddress",
    "id",
    "jobTitle",
    "lastName",
    "lifecycleState",
    "managerId",
    "nationality",
    "noticePeriodDays",
    "personalEmail",
    "phone",
    "probationEndDate",
    "residentialAddress",
    "startDate",
    "workArrangement",
    "workingHoursPerWeek",
  ],
  "exceptionResolutions": [
    "action",
    "key",
    "note",
    "resolvedAt",
    "resolvedBy",
  ],
  "externalResults": [
    "deductions",
    "employeeId",
    "gross",
    "net",
    "runId",
  ],
  "leaveBalances": [
    "annualEntitlement",
    "annualPending",
    "annualTaken",
    "byType",
    "carriedOver",
    "employeeId",
    "sickEntitlement",
    "sickTaken",
  ],
  "leaveRequests": [
    "days",
    "decidedAt",
    "decidedBy",
    "decisionNote",
    "employeeId",
    "endDate",
    "id",
    "reason",
    "startDate",
    "status",
    "submittedAt",
    "type",
  ],
  "legalEntities": [
    "country",
    "currency",
    "id",
    "name",
  ],
  "lifecycleEvents": [
    "actorId",
    "at",
    "effectiveDate",
    "employeeId",
    "from",
    "id",
    "reason",
    "to",
  ],
  "lineAdjustments": [
    "amount",
    "at",
    "by",
    "componentId",
    "direction",
    "employeeId",
    "id",
    "note",
    "runId",
  ],
  "notifications": [
    "at",
    "body",
    "href",
    "id",
    "kind",
    "read",
    "title",
  ],
  "offboarding": [
    "clearance",
    "employeeId",
    "exitInterviewDone",
    "finalSettlement",
    "id",
    "lastWorkingDay",
    "noticeGivenOn",
    "reason",
    "state",
  ],
  "onboardingTasks": [
    "category",
    "done",
    "dueOn",
    "employeeId",
    "id",
    "owner",
    "title",
  ],
  "oneOffPayments": [
    "amount",
    "basis",
    "componentId",
    "employeeId",
    "events",
    "id",
    "includedInRunId",
    "months",
    "note",
    "payFromDate",
    "recurrence",
    "status",
  ],
  "patternAssignments": [
    "createdAt",
    "createdBy",
    "effectiveFrom",
    "id",
    "patternId",
    "reason",
    "scope",
    "target",
  ],
  "payComponents": [
    "calculation",
    "category",
    "id",
    "name",
    "recurrence",
  ],
  "payGroups": [
    "calculationMode",
    "contractorGroup",
    "country",
    "currency",
    "entityId",
    "frequency",
    "id",
    "name",
    "payDayRule",
    "paymentChannels",
    "prorationMethod",
    "varianceThresholdPercent",
  ],
  "payPeriods": [
    "end",
    "id",
    "label",
    "start",
    "status",
  ],
  "paymentBatches": [
    "channel",
    "count",
    "events",
    "id",
    "items",
    "runId",
    "status",
    "totalsPerCurrency",
  ],
  "payrollRuns": [
    "decision",
    "events",
    "fxRates",
    "id",
    "kind",
    "payDate",
    "payGroupId",
    "periodEnd",
    "periodStart",
    "preparedBy",
    "status",
    "submittedAt",
  ],
  "payslips": [
    "employeeId",
    "grossGhs",
    "id",
    "netGhs",
    "otherDeductions",
    "paidOn",
    "paye",
    "period",
    "ssnitEmployee",
  ],
  "reconciliations": [
    "action",
    "at",
    "by",
    "key",
    "note",
  ],
  "requisitions": [
    "branch",
    "budgetMonthly",
    "department",
    "employmentType",
    "hiringManagerId",
    "id",
    "openedOn",
    "openings",
    "status",
    "targetStartDate",
    "title",
  ],
  "reviews": [
    "cycle",
    "dueOn",
    "employeeId",
    "id",
    "managerId",
    "rating",
    "reviewerComments",
    "sharedOn",
    "status",
  ],
  "shiftChanges": [
    "action",
    "at",
    "by",
    "id",
    "reason",
    "shiftId",
    "summary",
  ],
  "shifts": [
    "branch",
    "breakMinutes",
    "cancelled",
    "changedSincePublish",
    "date",
    "department",
    "employeeId",
    "end",
    "id",
    "note",
    "position",
    "publishedAt",
    "start",
    "state",
  ],
  "timeAdjustments": [
    "correctedIn",
    "correctedOut",
    "date",
    "decidedAt",
    "decidedBy",
    "employeeId",
    "eventId",
    "field",
    "id",
    "originalIn",
    "originalOut",
    "reason",
    "requestedAt",
    "requestedBy",
    "status",
  ],
  "timesheets": [
    "comment",
    "decidedAt",
    "decidedBy",
    "employeeId",
    "id",
    "periodId",
    "status",
    "submittedAt",
  ],
  "workPatterns": [
    "breakMinutes",
    "breakPaid",
    "days",
    "graceMinutes",
    "id",
    "name",
  ],
}
`;
